---
source: test-harness/src/harness.rs
expression: snapshot
info:
  kind:
    Translate:
      backend: coq
  info:
    name: guards
    manifest: guards/Cargo.toml
    description: ~
  spec:
    optional: false
    broken: false
    issue_id: ~
    positive: true
    snapshot:
      stderr: false
      stdout: true
    include_flag: ~
    backend_options: ~
---
exit = 0

[stdout]
diagnostics = []

[stdout.files]
"Guards.v" = '''
(* File automatically generated by Hacspec *)
From Coq Require Import ZArith.
Require Import List.
Import List.ListNotations.
Open Scope Z_scope.
Open Scope bool_scope.
Require Import Ascii.
Require Import String.
Require Import Coq.Floats.Floats.
From RecordUpdate Require Import RecordSet.
Import RecordSetNotations.
From Core Require Import Core.



(* NotImplementedYet *)

Definition if_let_guard (x : core.option.t_Option ((core.result.t_Result ((t_i32)) ((t_i32))))) : t_i32 :=
  match x with
  | core.option.Option_None =>
    (0 : t_i32)
  | _ =>
    match match x with
    | core.option.Option_Some (v) =>
      match v with
      | core.result.Result_Ok (y) =>
        core.option.Option_Some (y)
      | _ =>
        core.option.Option_None
      end
    | _ =>
      core.option.Option_None
    end with
    | core.option.Option_Some (x) =>
      x
    | core.option.Option_None =>
      match x with
      | core.option.Option_Some (core.result.Result_Err (y)) =>
        y
      | _ =>
        (1 : t_i32)
      end
    end
  end.

Definition equivalent (x : core.option.t_Option ((core.result.t_Result ((t_i32)) ((t_i32))))) : t_i32 :=
  match x with
  | core.option.Option_None =>
    (0 : t_i32)
  | _ =>
    match match x with
    | core.option.Option_Some (v) =>
      match v with
      | core.result.Result_Ok (y) =>
        core.option.Option_Some (y)
      | _ =>
        core.option.Option_None
      end
    | _ =>
      core.option.Option_None
    end with
    | core.option.Option_Some (y) =>
      y
    | core.option.Option_None =>
      match x with
      | core.option.Option_Some (core.result.Result_Err (y)) =>
        y
      | _ =>
        (1 : t_i32)
      end
    end
  end.

Definition multiple_guards (x : core.option.t_Option ((core.result.t_Result ((t_i32)) ((t_i32))))) : t_i32 :=
  match x with
  | core.option.Option_None =>
    (0 : t_i32)
  | _ =>
    match match x with
    | core.option.Option_Some (core.result.Result_Ok (v)) =>
      match core.option.Option_Some (core.ops.arith.Add__f_add (v) ((1 : t_i32))) with
      | core.option.Option_Some (1) =>
        core.option.Option_Some ((0 : t_i32))
      | _ =>
        core.option.Option_None
      end
    | _ =>
      core.option.Option_None
    end with
    | core.option.Option_Some (x) =>
      x
    | core.option.Option_None =>
      match match x with
      | core.option.Option_Some (v) =>
        match v with
        | core.result.Result_Ok (y) =>
          core.option.Option_Some (y)
        | _ =>
          core.option.Option_None
        end
      | _ =>
        core.option.Option_None
      end with
      | core.option.Option_Some (x) =>
        x
      | core.option.Option_None =>
        match x with
        | core.option.Option_Some (core.result.Result_Err (y)) =>
          y
        | _ =>
          (1 : t_i32)
        end
      end
    end
  end.

Definition if_guard (x : core.option.t_Option ((t_i32))) : t_i32 :=
  match match x with
  | core.option.Option_Some (v) =>
    match core.cmp.PartialOrd__f_gt (v) ((0 : t_i32)) with
    | true =>
      core.option.Option_Some (v)
    | _ =>
      core.option.Option_None
    end
  | _ =>
    core.option.Option_None
  end with
  | core.option.Option_Some (x) =>
    x
  | core.option.Option_None =>
    (0 : t_i32)
  end.
'''
_CoqProject = '''
-R ./ TODO
-arg -w
-arg all

Guards.v'''
